
> ici-website@0.1.0 build
> next build

  Γû▓ Next.js 14.2.23
  - Environments: .env.local

   Creating an optimized production build ...
 Γ£ô Compiled successfully
   Linting and checking validity of types ...
npm : Failed to compile.
At line:1 char:1
+ npm run build > build_output.txt 2>&1
+ ~~~~~~~~~~~~~~~~~~~~~~~~~~~~~~~~~~~~~
    + CategoryInfo          : NotSpecified: (Failed to compile.:String) [], Re 
   moteException
    + FullyQualifiedErrorId : NativeCommandError
 

./components/admin/home/About.tsx:274:37
Type error: Property 'about' does not exist on type '{ home: { aboutUs: 
AboutContent; }[]; }'.

[0m [90m 272 |[39m   }[0m
[0m [90m 273 |[39m[0m
[0m[31m[1m>[22m[39m[90m 274 |[39m   [36mconst[39m aboutUsContent 
[33m=[39m aboutData[33m?[39m[33m.[39mabout[33m?[39m[33m.[39m[[35m0[
39m][33m?[39m[33m.[39maboutUs[33m;[39m[0m
[0m [90m     |[39m                                     
[31m[1m^[22m[39m[0m
[0m [90m 275 |[39m[0m
[0m [90m 276 |[39m   [36mreturn[39m ([0m
[0m [90m 277 |[39m     [33m<[39m[33mdiv[39m 
className[33m=[39m[32m"min-h-screen bg-gradient-to-br from-[#0f1035] 
to-[#2e3267] p-8"[39m[33m>[39m[0m
Static worker exited with code: 1 and signal: null
